I'm sorry, but errors were detected in your script. Please correct the
errors listed below, and try again.


File "game/script.rpy", line 210: expected statement.
    nvl "В оригинальной версии написана назывными нераспространенными предложениями, но для облегчения читателя будет изменена, но в простой манере."
       ^

File "game/script.rpy", line 211: expected statement.
    nvl "Все будет происходить в голове нервно спящего человека!"
       ^

Ren'Py Version: Ren'Py 8.1.3.23091805
Sat Mar  9 10:58:43 2024
